[2026-08-29 02:21:32] 模拟实盘引擎启动 v3 | action=rebalance
[2026-08-29 02:21:32] === 月度调仓 ===
[2026-08-29 02:21:32] [PASS] K线新鲜度: 最新交易日 2026-08-28，距今 1 天（阈值 3）
[2026-08-29 02:21:32] [PASS] 因子面板覆盖率: 最新月份 2026-08 面板 5028 只，非空率 {'div_yield_ttm': 1.0, 'roe_ttm': 1.0, 'roa_ttm': 1.0}
[2026-08-29 02:21:32] [PASS] 持仓股当日K线完整性: 持仓 8 只，异常 0 只
[2026-08-29 02:21:34] [PASS] 价格合理性: 抽样检查 209 只最新收盘价，异常 0 只
[2026-08-29 02:21:34] [PASS] 分红数据连续性: 近12个月分红事件 4437 条，涉及 3651 只股票
[2026-08-29 02:22:34] [PASS] 调仓日选股结果≥5: 最新交易日 2026-08-28 选股 20 只（阈值 5）
[2026-08-29 02:22:34] ✅ 数据校验全部通过
[2026-08-29 02:23:34]   [timing] timing_v4_i4_q3z 生效系数=0.6174 (信号月末=2026-07-31, trend=0.300, vol=0.736, val_q3z=0.914, PE=13.68)
[2026-08-29 02:23:34]   [div] 初始化分红水位 2026-08-28（不追溯历史）
[2026-08-29 02:23:34]   卖出 002027 1500股 @ ¥4.97 (费¥12.46)
[2026-08-29 02:23:34]   卖出 603551 800股 @ ¥9.47 (费¥12.58)
[2026-08-29 02:23:34]   卖出 300009 800股 @ ¥8.52 (费¥11.82)
[2026-08-29 02:23:34]   卖出 600867 900股 @ ¥8.18 (费¥12.36)
[2026-08-29 02:23:34]   卖出 000848 900股 @ ¥8.67 (费¥12.80)
[2026-08-29 02:23:34]   卖出 601600 800股 @ ¥9.82 (费¥12.86)
[2026-08-29 02:23:34]   卖出 300824 900股 @ ¥7.84 (费¥12.06)
[2026-08-29 02:23:34]   卖出 002107 1200股 @ ¥7.23 (费¥13.68)
[2026-08-29 02:23:34]   [timing] 低配: 持仓 ¥0 < 目标 ¥62,291 (×0.6174)，将补仓
[2026-08-29 02:23:34]   [timing] 无择时满仓目标 ¥100,892 → 有择时 ¥62,291 (×0.6174) | 补仓缺口 ¥62,291 / 20 新标的
[2026-08-29 02:23:34]   买入 603075 100股 @ ¥19.34
[2026-08-29 02:23:34]   买入 603205 100股 @ ¥22.41
[2026-08-29 02:23:34]   买入 301170 100股 @ ¥22.96
[2026-08-29 02:23:34]   买入 301386 100股 @ ¥20.52
[2026-08-29 02:23:34]   买入 603350 100股 @ ¥28.49
[2026-08-29 02:23:34]   买入 301006 200股 @ ¥13.82
[2026-08-29 02:23:34]   买入 301429 100股 @ ¥17.66
[2026-08-29 02:23:34]   买入 603073 100股 @ ¥16.78
[2026-08-29 02:23:34]   买入 603190 100股 @ ¥16.11
[2026-08-29 02:23:34]   买入 300994 200股 @ ¥11.56
[2026-08-29 02:23:34]   买入 301353 100股 @ ¥19.28
[2026-08-29 02:23:35] ✅ 调仓完成: 持仓 11 只 | 总资产 ¥100,837.40 | NAV 1.008374 | 模型 a13_rsraw_e1f10dz | 择时系数 0.6174
[2026-08-29 02:23:35] 退出码: 0
