[23:13:32] === r275_ic start ===
[23:13:34] [A] yjbb=288275 zcfz=280143 xjll=288715 (A股口径) t=2s
[23:13:45] === r275_ic start ===
[23:13:46] [A] yjbb=288275 zcfz=280143 xjll=288715 (A股口径) t=2s
[23:13:47] [B] A股三要素齐全率 全史=0.966 近3年=0.994; xjll覆盖(近3年)=0.999
[23:13:48] [C] Sloan TTM 观测 4039 条, 2006-06-30~2026-06-30 t=3s
[23:13:48] [C] usable_from 首年分布: {2007: 7, 2008: 18, 2009: 94}
[23:14:42] === r275_ic start ===
[23:14:45] [A] yjbb=288275 zcfz=280143 xjll=288715 (A股口径) t=3s
[23:14:45] [B] A股三要素齐全率 全史=0.966 近3年=0.994; xjll覆盖(近3年)=0.999
[23:14:48] [C] Sloan TTM 观测 240255 条, 2006-03-31~2026-06-30 t=6s
[23:14:48] [C] usable_from 首年分布: {2006: 10, 2007: 3497, 2008: 4945}
[23:15:26] [D] close 5250d x 5206codes, 2005-01-04~2026-08-14; months=260 t=44s
[23:16:10] === r275_ic start ===
[23:16:12] [A] yjbb=288275 zcfz=280143 xjll=288715 (A股口径) t=2s
[23:16:12] [B] A股三要素齐全率 全史=0.966 近3年=0.994; xjll覆盖(近3年)=0.999
[23:16:15] [C] Sloan TTM 观测 240255 条, 2006-03-31~2026-06-30 t=5s
[23:16:15] [C] usable_from 首年分布: {2006: 10, 2007: 3497, 2008: 4945}
[23:17:01] [D] close 5250d x 5206codes, 2005-01-04~2026-08-14; months=260 t=51s
[23:18:09] === r275_ic start ===
[23:18:11] [A] yjbb=288275 zcfz=280143 xjll=288715 (A股口径) t=2s
[23:18:12] [B] A股三要素齐全率 全史=0.966 近3年=0.994; xjll覆盖(近3年)=0.999
[23:18:14] [C] Sloan TTM 观测 240255 条, 2006-03-31~2026-06-30 t=5s
[23:18:14] [C] usable_from 首年分布: {2006: 10, 2007: 3497, 2008: 4945}
[23:18:56] [D] close 5250d x 5206codes, 2005-01-04~2026-08-14; months=260 t=47s
