[08-21 08:27:45] === task-0419 r0419_csad_sigma20 build start ===
[08-21 08:27:56]   loaded 1500/5206 t=11s
[08-21 08:28:05]   loaded 3000/5206 t=20s
[08-21 08:28:16]   loaded 4500/5206 t=30s
[08-21 08:28:33] [A] 5254 days x 5172 codes, 2005-01-04~2026-08-20 t=48s
[08-21 08:28:35]   2007-01 pool=1175 meanpeers=12.7 t=49s
[08-21 08:28:38]   2009-01 pool=1411 meanpeers=19.2 t=53s
[08-21 08:28:41]   2011-01 pool=1688 meanpeers=17.9 t=56s
[08-21 08:28:46]   2013-01 pool=2205 meanpeers=18.3 t=61s
[08-21 08:28:51]   2015-01 pool=2299 meanpeers=13.8 t=66s
[08-21 08:28:58]   2017-01 pool=2645 meanpeers=12.9 t=72s
[08-21 08:29:05]   2019-01 pool=3297 meanpeers=18.3 t=80s
[08-21 08:29:15]   2021-01 pool=3668 meanpeers=14.3 t=89s
[08-21 08:29:26]   2023-01 pool=4578 meanpeers=16.7 t=100s
[08-21 08:29:40]   2025-01 pool=5032 meanpeers=19.4 t=114s
[08-21 08:29:55] [B] csad (5117, 5167), monthly factor rows=596522 months=253 t=130s
[08-21 08:30:01]   IC 2010-07 ic=0.0570 n=1435 t=135s
[08-21 08:30:05]   IC 2015-07 ic=-0.1632 n=2096 t=140s
[08-21 08:30:11]   IC 2020-07 ic=-0.2003 n=3304 t=146s
[08-21 08:30:18]   IC 2025-07 ic=-0.0108 n=4753 t=153s
