/home/noname/quant-evolve/results/work/r274/r274_audit.py:35: FutureWarning: DataFrameGroupBy.apply operated on the grouping columns. This behavior is deprecated, and in a future version of pandas the grouping columns will be excluded from the operation. Either pass `include_groups=False` to exclude the groupings or explicitly select the grouping columns after groupby to silence this warning.
  byy=cov.groupby("yr").apply(lambda d:{"期数":len(d),"triple":int(d.triple.sum()),"分母":int(d[["np","ocf","ta"]].max(axis=1).sum()),"cov%":round(100*d.triple.sum()/max(d[["np","ocf","ta"]].max(axis=1).sum(),1),1)})
A股参照宇宙 r0414 panel: 5206 prefix: {'00': 1494, '30': 1401, '600': 747, '603': 615, '688': 611, '601': 225, '605': 112, '689': 1}
A股口径行数: yjbb 286975 xjll 286180 zcfz 277655
=== 逐期A股三要素覆盖(按年) ===
2005 {'期数': 4, 'triple': 5023, '分母': 5188, 'cov%': np.float64(96.8)}
2006 {'期数': 4, 'triple': 5417, '分母': 5704, 'cov%': np.float64(95.0)}
2007 {'期数': 4, 'triple': 6112, '分母': 6400, 'cov%': np.float64(95.5)}
2008 {'期数': 4, 'triple': 6671, '分母': 6860, 'cov%': np.float64(97.2)}
2009 {'期数': 4, 'triple': 7177, '分母': 7878, 'cov%': np.float64(91.1)}
2010 {'期数': 4, 'triple': 8132, '分母': 8797, 'cov%': np.float64(92.4)}
2011 {'期数': 4, 'triple': 9477, '分母': 9869, 'cov%': np.float64(96.0)}
2012 {'期数': 4, 'triple': 10225, '分母': 10344, 'cov%': np.float64(98.8)}
2013 {'期数': 4, 'triple': 10756, '分母': 10977, 'cov%': np.float64(98.0)}
2014 {'期数': 4, 'triple': 11457, '分母': 12040, 'cov%': np.float64(95.2)}
2015 {'期数': 4, 'triple': 12322, '分母': 12960, 'cov%': np.float64(95.1)}
2016 {'期数': 4, 'triple': 13403, '分母': 14421, 'cov%': np.float64(92.9)}
2017 {'期数': 4, 'triple': 14868, '分母': 15349, 'cov%': np.float64(96.9)}
2018 {'期数': 4, 'triple': 15563, '分母': 15997, 'cov%': np.float64(97.3)}
2019 {'期数': 4, 'triple': 16365, '分母': 17374, 'cov%': np.float64(94.2)}
2020 {'期数': 4, 'triple': 17859, '分母': 18853, 'cov%': np.float64(94.7)}
2021 {'期数': 4, 'triple': 19169, '分母': 19832, 'cov%': np.float64(96.7)}
2022 {'期数': 4, 'triple': 19936, '分母': 20432, 'cov%': np.float64(97.6)}
2023 {'期数': 4, 'triple': 20366, '分母': 20524, 'cov%': np.float64(99.2)}
2024 {'期数': 4, 'triple': 20532, '分母': 20707, 'cov%': np.float64(99.2)}
2025 {'期数': 4, 'triple': 20747, '分母': 20811, 'cov%': np.float64(99.7)}
2026 {'期数': 2, 'triple': 5628, '分母': 5629, 'cov%': np.float64(100.0)}
20260630单期: [{'p': '20260630', 'np': 423, 'ocf': 423, 'ta': 424, 'triple': 423, 'cov': 99.8, 'yr': '2026'}]
yjbb有净利但xjll无该行(A股,全86期): 807 例; 按年: {'2005': 149, '2006': 94, '2019': 73, '2021': 71, '2009': 52, '2007': 40, '2022': 38, '2008': 34, '2011': 33, '2010': 32}
Sloan应计(TTM/滞后TA)季度观测: 287016
=== Sloan应计IC画像 (qual=-accrual, 正IC=低应计跑赢) ===
月数: 231  meanIC: 0.0045  ICIR: 0.066  平均覆盖率(月均): 0.513
五分段ICIR: [np.float64(-0.01), np.float64(-0.07), np.float64(0.13), np.float64(0.24), np.float64(0.08)]
分年IC: {'2007': -0.0029, '2008': -0.0152, '2009': -0.0083, '2010': 0.0167, '2011': 0.0289, '2012': -0.01, '2013': -0.0483, '2014': 0.0142, '2015': -0.0006, '2016': 0.0238, '2017': 0.009, '2018': 0.0182, '2019': -0.0043, '2020': 0.0157, '2021': 0.0132, '2022': 0.0084, '2023': 0.0407, '2024': 0.0026, '2025': -0.0158, '2026': -0.0017}
五分位月均次月收益 Q1..Q5: [0.01066, 0.01224, 0.01155, 0.01206, 0.01212]
Traceback (most recent call last):
  File "/home/noname/quant-evolve/results/work/r274/r274_audit.py", line 122, in <module>
    "seg_icir":[float(ic_s.loc[s].mean()/ic_s.loc[s].std()) for s in seg],
               ^^^^^^^^^^^^^^^^^^^^^^^^^^^^^^^^^^^^^^^^^^^^^^^^^^^^^^^^^^
  File "/home/noname/quant-evolve/results/work/r274/r274_audit.py", line 122, in <listcomp>
    "seg_icir":[float(ic_s.loc[s].mean()/ic_s.loc[s].std()) for s in seg],
                      ~~~~~~~~^^^
  File "/home/noname/miniconda3/envs/quant/lib/python3.11/site-packages/pandas/core/indexing.py", line 1192, in __getitem__
    return self._getitem_axis(maybe_callable, axis=axis)
           ^^^^^^^^^^^^^^^^^^^^^^^^^^^^^^^^^^^^^^^^^^^^^
  File "/home/noname/miniconda3/envs/quant/lib/python3.11/site-packages/pandas/core/indexing.py", line 1421, in _getitem_axis
    return self._getitem_iterable(key, axis=axis)
           ^^^^^^^^^^^^^^^^^^^^^^^^^^^^^^^^^^^^^^
  File "/home/noname/miniconda3/envs/quant/lib/python3.11/site-packages/pandas/core/indexing.py", line 1361, in _getitem_iterable
    keyarr, indexer = self._get_listlike_indexer(key, axis)
                      ^^^^^^^^^^^^^^^^^^^^^^^^^^^^^^^^^^^^^
  File "/home/noname/miniconda3/envs/quant/lib/python3.11/site-packages/pandas/core/indexing.py", line 1559, in _get_listlike_indexer
    keyarr, indexer = ax._get_indexer_strict(key, axis_name)
                      ^^^^^^^^^^^^^^^^^^^^^^^^^^^^^^^^^^^^^^
  File "/home/noname/miniconda3/envs/quant/lib/python3.11/site-packages/pandas/core/indexes/base.py", line 6212, in _get_indexer_strict
    self._raise_if_missing(keyarr, indexer, axis_name)
  File "/home/noname/miniconda3/envs/quant/lib/python3.11/site-packages/pandas/core/indexes/base.py", line 6261, in _raise_if_missing
    raise KeyError(f"None of [{key}] are in the [{axis_name}]")
KeyError: "None of [Index(['2007-04', '2007-05', '2007-06', '2007-07', '2007-08', '2007-09',\n       '2007-10', '2007-11', '2007-12', '2008-01', '2008-02', '2008-03',\n       '2008-04', '2008-05', '2008-06', '2008-07', '2008-08', '2008-09',\n       '2008-10', '2008-11', '2008-12', '2009-01', '2009-02', '2009-03',\n       '2009-04', '2009-05', '2009-06', '2009-07', '2009-08', '2009-09',\n       '2009-10', '2009-11', '2009-12', '2010-01', '2010-02', '2010-03',\n       '2010-04', '2010-05', '2010-06', '2010-07', '2010-08', '2010-09',\n       '2010-10', '2010-11', '2010-12', '2011-01', '2011-02'],\n      dtype='object')] are in the [index]"
