panel loaded (5206, 247, 8) feats=['log_mv', 'log_amt20', 'pb_inv', 'roe_ttm', 'ret_20d', 'ret_60d', 'vol_60d', 'turn_20d']
cs_norm done
O组搜索: 20 trial @ m0=2011-01 (前48月训练/末12月验证)
  trial1/20 val_ic=0.0663 {'num_leaves': 15, 'learning_rate': 0.1, 'min_child_samples': 200, 'feature_fraction': 0.9, 'n_estimators': 300, 'bagging_fraction': 0.8, 'bagging_freq': 1} (1s)
  trial2/20 val_ic=0.0595 {'num_leaves': 31, 'learning_rate': 0.1, 'min_child_samples': 100, 'feature_fraction': 1.0, 'n_estimators': 300, 'bagging_fraction': 0.8, 'bagging_freq': 1} (3s)
  trial3/20 val_ic=0.0831 {'num_leaves': 15, 'learning_rate': 0.03, 'min_child_samples': 200, 'feature_fraction': 1.0, 'n_estimators': 300, 'bagging_fraction': 0.8, 'bagging_freq': 1} (4s)
  trial4/20 val_ic=0.0473 {'num_leaves': 63, 'learning_rate': 0.1, 'min_child_samples': 400, 'feature_fraction': 1.0, 'n_estimators': 300, 'bagging_fraction': 0.8, 'bagging_freq': 1} (8s)
  trial5/20 val_ic=0.0718 {'num_leaves': 31, 'learning_rate': 0.03, 'min_child_samples': 400, 'feature_fraction': 0.9, 'n_estimators': 300, 'bagging_fraction': 0.8, 'bagging_freq': 1} (10s)
  trial6/20 val_ic=0.0730 {'num_leaves': 31, 'learning_rate': 0.05, 'min_child_samples': 100, 'feature_fraction': 1.0, 'n_estimators': 300, 'bagging_fraction': 0.8, 'bagging_freq': 1} (12s)
  trial7/20 val_ic=0.0551 {'num_leaves': 63, 'learning_rate': 0.05, 'min_child_samples': 200, 'feature_fraction': 1.0, 'n_estimators': 300, 'bagging_fraction': 0.8, 'bagging_freq': 1} (16s)
  trial8/20 val_ic=0.0675 {'num_leaves': 31, 'learning_rate': 0.05, 'min_child_samples': 200, 'feature_fraction': 0.7, 'n_estimators': 300, 'bagging_fraction': 0.8, 'bagging_freq': 1} (18s)
  trial9/20 val_ic=0.0729 {'num_leaves': 15, 'learning_rate': 0.05, 'min_child_samples': 400, 'feature_fraction': 0.7, 'n_estimators': 300, 'bagging_fraction': 0.8, 'bagging_freq': 1} (19s)
  trial10/20 val_ic=0.0434 {'num_leaves': 63, 'learning_rate': 0.1, 'min_child_samples': 100, 'feature_fraction': 0.9, 'n_estimators': 300, 'bagging_fraction': 0.8, 'bagging_freq': 1} (22s)
  trial11/20 val_ic=0.0626 {'num_leaves': 15, 'learning_rate': 0.1, 'min_child_samples': 400, 'feature_fraction': 0.9, 'n_estimators': 300, 'bagging_fraction': 0.8, 'bagging_freq': 1} (23s)
  trial12/20 val_ic=0.0707 {'num_leaves': 15, 'learning_rate': 0.1, 'min_child_samples': 200, 'feature_fraction': 1.0, 'n_estimators': 300, 'bagging_fraction': 0.8, 'bagging_freq': 1} (25s)
  trial13/20 val_ic=0.0455 {'num_leaves': 63, 'learning_rate': 0.1, 'min_child_samples': 400, 'feature_fraction': 0.7, 'n_estimators': 300, 'bagging_fraction': 0.8, 'bagging_freq': 1} (28s)
  trial14/20 val_ic=0.0675 {'num_leaves': 31, 'learning_rate': 0.05, 'min_child_samples': 200, 'feature_fraction': 0.7, 'n_estimators': 300, 'bagging_fraction': 0.8, 'bagging_freq': 1} (30s)
  trial15/20 val_ic=0.0712 {'num_leaves': 31, 'learning_rate': 0.03, 'min_child_samples': 400, 'feature_fraction': 1.0, 'n_estimators': 300, 'bagging_fraction': 0.8, 'bagging_freq': 1} (32s)
  trial16/20 val_ic=0.0473 {'num_leaves': 63, 'learning_rate': 0.1, 'min_child_samples': 200, 'feature_fraction': 1.0, 'n_estimators': 300, 'bagging_fraction': 0.8, 'bagging_freq': 1} (36s)
  trial17/20 val_ic=0.0718 {'num_leaves': 31, 'learning_rate': 0.03, 'min_child_samples': 400, 'feature_fraction': 0.9, 'n_estimators': 300, 'bagging_fraction': 0.8, 'bagging_freq': 1} (38s)
  trial18/20 val_ic=0.0729 {'num_leaves': 15, 'learning_rate': 0.05, 'min_child_samples': 400, 'feature_fraction': 0.7, 'n_estimators': 300, 'bagging_fraction': 0.8, 'bagging_freq': 1} (39s)
  trial19/20 val_ic=0.0718 {'num_leaves': 31, 'learning_rate': 0.03, 'min_child_samples': 400, 'feature_fraction': 0.9, 'n_estimators': 300, 'bagging_fraction': 0.8, 'bagging_freq': 1} (41s)
  trial20/20 val_ic=0.0831 {'num_leaves': 15, 'learning_rate': 0.03, 'min_child_samples': 200, 'feature_fraction': 1.0, 'n_estimators': 300, 'bagging_fraction': 0.8, 'bagging_freq': 1} (43s)
O组选定: {'num_leaves': 15, 'learning_rate': 0.03, 'min_child_samples': 200, 'feature_fraction': 1.0, 'n_estimators': 300, 'bagging_fraction': 0.8, 'bagging_freq': 1} val_ic=0.0831
[D] 2011-01 ic=0.0460 n=1665 (43s)
[D] 2012-01 ic=0.1719 n=1978 (49s)
[D] 2013-01 ic=0.1530 n=2180 (54s)
[D] 2014-01 ic=0.1626 n=2194 (60s)
[D] 2015-01 ic=0.0726 n=2184 (67s)
[D] 2016-01 ic=0.1010 n=2414 (83s)
[D] 2017-01 ic=0.0712 n=2540 (90s)
[D] 2018-01 ic=-0.1008 n=2975 (95s)
[D] 2019-01 ic=-0.1030 n=3302 (105s)
[D] 2020-01 ic=-0.1523 n=3438 (110s)
[D] 2021-01 ic=0.0914 n=3712 (120s)
[D] 2022-01 ic=-0.0029 n=4231 (129s)
[D] 2023-01 ic=0.1538 n=4596 (139s)
[D] 2024-01 ic=-0.3726 n=4929 (150s)
[D] 2025-01 ic=0.0404 n=5037 (160s)
[D] 2026-01 ic=0.0949 n=5126 (170s)
[D] DONE icir=0.7504
[O] 2011-01 ic=0.0266 n=1665 (174s)
[O] 2012-01 ic=0.1811 n=1978 (180s)
[O] 2013-01 ic=0.1510 n=2180 (185s)
[O] 2014-01 ic=0.1676 n=2194 (189s)
[O] 2015-01 ic=0.0601 n=2184 (196s)
